git configold@gold:~/FILES/SCHOOL/LABS/2021497828_web_dev_lab$ git config --global user.name "BenjaminK1ng"
gold@gold:~/FILES/SCHOOL/LABS/2021497828_web_dev_lab$ git config --global user.email "kasolobenjamin@gmail.com"
gold@gold:~/FILES/SCHOOL/LABS/2021497828_web_dev_lab$ git init
Initialized empty Git repository in /home/gold/FILES/SCHOOL/LABS/2021497828_web_dev_lab/.git/
gold@gold:~/FILES/SCHOOL/LABS/2021497828_web_dev_lab$ git remote add origin https://github.com/BenjaminK1ng/web-dev-lab
gold@gold:~/FILES/SCHOOL/LABS/2021497828_web_dev_lab$ git add .
gold@gold:~/FILES/SCHOOL/LABS/2021497828_web_dev_lab$ git commit -m "The first commit to the web dev first weeks lab projects"
[master (root-commit) 6059e95] The first commit to the web dev first weeks lab projects
 1 file changed, 13 insertions(+)
 create mode 100644 index.html
gold@gold:~/FILES/SCHOOL/LABS/2021497828_web_dev_lab$ git push -u origin main
error: src refspec main does not match any
error: failed to push some refs to 'https://github.com/BenjaminK1ng/web-dev-lab'
gold@gold:~/FILES/SCHOOL/LABS/2021497828_web_dev_lab$ git pull
warning: no common commits
remote: Enumerating objects: 3, done.
remote: Counting objects: 100% (3/3), done.
remote: Total 3 (delta 0), reused 0 (delta 0), pack-reused 0 (from 0)
Unpacking objects: 100% (3/3), 884 bytes | 884.00 KiB/s, done.
From https://github.com/BenjaminK1ng/web-dev-lab
 * [new branch]      main       -> origin/main
There is no tracking information for the current branch.
Please specify which branch you want to merge with.
See git-pull(1) for details.

    git pull <remote> <branch>

If you wish to set tracking information for this branch you can do so with:

    git branch --set-upstream-to=origin/<branch> master

gold@gold:~/FILES/SCHOOL/LABS/2021497828_web_dev_lab$ git push -u origin main
error: src refspec main does not match any
error: failed to push some refs to 'https://github.com/BenjaminK1ng/web-dev-lab'
gold@gold:~/FILES/SCHOOL/LABS/2021497828_web_dev_lab$ git log
commit 6059e95f2ad2849d4e0cd1049a6f23459be5b814 (HEAD -> master)
Author: BenjaminK1ng <kasolobenjamin@gmail.com>
Date:   Tue Mar 18 15:45:02 2025 +0200

    The first commit to the web dev first weeks lab projects
gold@gold:~/FILES/SCHOOL/LABS/2021497828_web_dev_lab$ git show-ref
6059e95f2ad2849d4e0cd1049a6f23459be5b814 refs/heads/master
4ede68cf2bbb6ce469f931db2f5e5d08ae5c2780 refs/remotes/origin/main
gold@gold:~/FILES/SCHOOL/LABS/2021497828_web_dev_lab$ git push origin main
error: src refspec main does not match any
error: failed to push some refs to 'https://github.com/BenjaminK1ng/web-dev-lab'
gold@gold:~/FILES/SCHOOL/LABS/2021497828_web_dev_lab$ git branch -M main
gold@gold:~/FILES/SCHOOL/LABS/2021497828_web_dev_lab$ git push -u origin main
To https://github.com/BenjaminK1ng/web-dev-lab
 ! [rejected]        main -> main (non-fast-forward)
error: failed to push some refs to 'https://github.com/BenjaminK1ng/web-dev-lab'
hint: Updates were rejected because the tip of your current branch is behind
hint: its remote counterpart. Integrate the remote changes (e.g.
hint: 'git pull ...') before pushing again.
hint: See the 'Note about fast-forwards' in 'git push --help' for details.
gold@gold:~/FILES/SCHOOL/LABS/2021497828_web_dev_lab$ git pull
There is no tracking information for the current branch.
Please specify which branch you want to merge with.
See git-pull(1) for details.

    git pull <remote> <branch>

If you wish to set tracking information for this branch you can do so with:

    git branch --set-upstream-to=origin/<branch> main

gold@gold:~/FILES/SCHOOL/LABS/2021497828_web_dev_lab$ git branch --set-upstream-to=origin/master main
error: the requested upstream branch 'origin/master' does not exist
hint: 
hint: If you are planning on basing your work on an upstream
hint: branch that already exists at the remote, you may need to
hint: run "git fetch" to retrieve it.
hint: 
hint: If you are planning to push out a new local branch that
hint: will track its remote counterpart, you may want to use
hint: "git push -u" to set the upstream config as you push.
gold@gold:~/FILES/SCHOOL/LABS/2021497828_web_dev_lab$ git fetch
gold@gold:~/FILES/SCHOOL/LABS/2021497828_web_dev_lab$ git pull
There is no tracking information for the current branch.
Please specify which branch you want to merge with.
See git-pull(1) for details.

    git pull <remote> <branch>

If you wish to set tracking information for this branch you can do so with:

    git branch --set-upstream-to=origin/<branch> main

gold@gold:~/FILES/SCHOOL/LABS/2021497828_web_dev_lab$ git push
fatal: The current branch main has no upstream branch.
To push the current branch and set the remote as upstream, use

    git push --set-upstream origin main

gold@gold:~/FILES/SCHOOL/LABS/2021497828_web_dev_lab$ git push --set-upstream origin main
To https://github.com/BenjaminK1ng/web-dev-lab
 ! [rejected]        main -> main (non-fast-forward)
error: failed to push some refs to 'https://github.com/BenjaminK1ng/web-dev-lab'
hint: Updates were rejected because the tip of your current branch is behind
hint: its remote counterpart. Integrate the remote changes (e.g.
hint: 'git pull ...') before pushing again.
hint: See the 'Note about fast-forwards' in 'git push --help' for details.
gold@gold:~/FILES/SCHOOL/LABS/2021497828_web_dev_lab$ git pull
There is no tracking information for the current branch.
Please specify which branch you want to merge with.
See git-pull(1) for details.

    git pull <remote> <branch>

If you wish to set tracking information for this branch you can do so with:

    git branch --set-upstream-to=origin/<branch> main

gold@gold:~/FILES/SCHOOL/LABS/2021497828_web_dev_lab$ git branch --set-upstream-to=origin/main main
Branch 'main' set up to track remote branch 'main' from 'origin'.
gold@gold:~/FILES/SCHOOL/LABS/2021497828_web_dev_lab$ git push --set-upstream origin main
To https://github.com/BenjaminK1ng/web-dev-lab
 ! [rejected]        main -> main (non-fast-forward)
error: failed to push some refs to 'https://github.com/BenjaminK1ng/web-dev-lab'
hint: Updates were rejected because the tip of your current branch is behind
hint: its remote counterpart. Integrate the remote changes (e.g.
hint: 'git pull ...') before pushing again.
hint: See the 'Note about fast-forwards' in 'git push --help' for details.
gold@gold:~/FILES/SCHOOL/LABS/2021497828_web_dev_lab$ git pull
fatal: refusing to merge unrelated histories
gold@gold:~/FILES/SCHOOL/LABS/2021497828_web_dev_lab$ git fetch
gold@gold:~/FILES/SCHOOL/LABS/2021497828_web_dev_lab$ git pull
fatal: refusing to merge unrelated histories
gold@gold:~/FILES/SCHOOL/LABS/2021497828_web_dev_lab$ git pull --allow-unrelated-histories
Merge made by the 'recursive' strategy.
 README.md | 2 ++
 1 file changed, 2 insertions(+)
 create mode 100644 README.md
gold@gold:~/FILES/SCHOOL/LABS/2021497828_web_dev_lab$ git push
Enumerating objects: 6, done.
Counting objects: 100% (6/6), done.
Delta compression using up to 4 threads
Compressing objects: 100% (4/4), done.
Writing objects: 100% (5/5), 785 bytes | 785.00 KiB/s, done.
Total 5 (delta 0), reused 0 (delta 0)
To https://github.com/BenjaminK1ng/web-dev-lab
   4ede68c..0a6e317  main -> main
gold@gold:~/FILES/SCHOOL/LABS/2021497828_web_dev_lab$ git add .
gold@gold:~/FILES/SCHOOL/LABS/2021497828_web_dev_lab$ git commit -m "Introduced myself"
[main f1d168e] Introduced myself
 1 file changed, 2 insertions(+)
 create mode 100644 hello.txt
gold@gold:~/FILES/SCHOOL/LABS/2021497828_web_dev_lab$ git push
Enumerating objects: 4, done.
Counting objects: 100% (4/4), done.
Delta compression using up to 4 threads
Compressing objects: 100% (2/2), done.
Writing objects: 100% (3/3), 345 bytes | 345.00 KiB/s, done.
Total 3 (delta 0), reused 0 (delta 0)
To https://github.com/BenjaminK1ng/web-dev-lab
   0a6e317..f1d168e  main -> main
gold@gold:~/FILES/SCHOOL/LABS/2021497828_web_dev_lab$ git branch
* main
gold@gold:~/FILES/SCHOOL/LABS/2021497828_web_dev_lab$ git branch feature-branch
gold@gold:~/FILES/SCHOOL/LABS/2021497828_web_dev_lab$ git branch
  feature-branch
* main
gold@gold:~/FILES/SCHOOL/LABS/2021497828_web_dev_lab$ git branch feature-branch
fatal: A branch named 'feature-branch' already exists.
gold@gold:~/FILES/SCHOOL/LABS/2021497828_web_dev_lab$ git checkout feature-branch
Switched to branch 'feature-branch'
gold@gold:~/FILES/SCHOOL/LABS/2021497828_web_dev_lab$ git branch
* feature-branch
  main
gold@gold:~/FILES/SCHOOL/LABS/2021497828_web_dev_lab$ 
